sys:1: RankWarning: Polyfit may be poorly conditioned
sys:1: RankWarning: Polyfit may be poorly conditioned
Defining x1, x2, x3, x4, x5, z
Warming up native denominator expansion... (takes a few seconds)
Expansion complete! Starting degrees...

d=00 | Terms:    1 | RAM: 211 MB | Time: 0.02s
  [(1, 1)]
d=01 | Terms:    4 | RAM: 211 MB | Time: 0.02s
  [(1, x1^4*x2), (-1, x1^3*x2*x3), (-2, x1^2*x2^2*x3), (-1, x1^2*x2*x3*x4)]
d=02 | Terms:   15 | RAM: 211 MB | Time: 0.05s
  FRONT: [(1, x1^8*x2^2), (1, x1^7*x2^3), (2, x1^6*x2^4)]
  BACK: [(3, x1^5*x2^2*x3^2*x4), (1, x1^4*x2^2*x3^2*x4^2), (1, x1^3*x2^3*x3^2*x4^2)]
d=03 | Terms:   38 | RAM: 212 MB | Time: 0.14s
  FRONT: [(-1, x1^11*x2^4), (1, x1^10*x2^5), (2, x1^8*x2^7)]
  BACK: [(-1, x1^6*x2^3*x3^3*x4^3), (-3, x1^5*x2^4*x3^3*x4^3), (1, x1^4*x2^4*x3^4*x4^3)]
d=04 | Terms:   66 | RAM: 215 MB | Time: 0.47s
  FRONT: [(-2, x1^13*x2^7), (-1, x1^11*x2^9), (1, x1^10*x2^10)]
  BACK: [(1, x1^8*x2^4*x3^4*x4^4), (2, x1^7*x2^5*x3^4*x4^4), (3, x1^6*x2^6*x3^4*x4^4)]
d=05 | Terms:  119 | RAM: 222 MB | Time: 1.33s
  FRONT: [(1, x1^16*x2^9), (-2, x1^15*x2^10), (-1, x1^14*x2^11)]
  BACK: [(-1, x1^7*x2^7*x3^7*x4^4), (-2, x1^8*x2^7*x3^5*x4^5), (-2, x1^7*x2^7*x3^6*x4^5)]
d=06 | Terms:  172 | RAM: 236 MB | Time: 3.66s
  FRONT: [(-1, x1^17*x2^13), (-1, x1^19*x2^10*x3), (-1, x1^18*x2^11*x3)]
  BACK: [(2, x1^10*x2^7*x3^7*x4^6), (-1, x1^9*x2^8*x3^7*x4^6), (1, x1^8*x2^8*x3^8*x4^6)]
d=07 | Terms:  248 | RAM: 251 MB | Time: 9.22s | ETA to d=43: ~5982740550328.0 min (Decay: 1.031)
  FRONT: [(-1, x1^21*x2^14), (-1, x1^20*x2^14*x3), (-1, x1^18*x2^16*x3)]
  BACK: [(-1, x1^11*x2^9*x3^8*x4^7), (-2, x1^10*x2^10*x3^8*x4^7), (1, x1^10*x2^9*x3^9*x4^7)]
d=08 | Terms:  337 | RAM: 279 MB | Time: 22.49s | ETA to d=43: ~179226633220229905189297980970301697032192.0 min (Decay: 1.108)
  FRONT: [(1, x1^24*x2^15*x3), (1, x1^23*x2^16*x3), (1, x1^22*x2^17*x3)]
  BACK: [(3, x1^12*x2^11*x3^9*x4^8), (-1, x1^12*x2^10*x3^10*x4^8), (1, x1^11*x2^11*x3^10*x4^8)]
d=09 | Terms:  444 | RAM: 315 MB | Time: 50.27s | ETA to d=43: ~192.2 min (Decay: 0.916)
  FRONT: [(1, x1^27*x2^16*x3^2), (-1, x1^26*x2^17*x3^2), (-1, x1^24*x2^19*x3^2)]
  BACK: [(-1, x1^14*x2^12*x3^10*x4^9), (-1, x1^14*x2^11*x3^11*x4^9), (1, x1^13*x2^12*x3^11*x4^9)]
d=10 | Terms:  555 | RAM: 361 MB | Time: 103.11s | ETA to d=43: ~197.8 min (Decay: 0.917)
  FRONT: [(-1, x1^30*x2^17*x3^3), (-1, x1^29*x2^18*x3^3), (2, x1^28*x2^19*x3^3)]
  BACK: [(3, x1^15*x2^14*x3^11*x4^10), (-1, x1^15*x2^13*x3^12*x4^10), (-1, x1^14*x2^14*x3^12*x4^10)]
d=11 | Terms:  682 | RAM: 394 MB | Time: 202.12s | ETA to d=43: ~394.8 min (Decay: 0.928)
  FRONT: [(1, x1^32*x2^19*x3^4), (-2, x1^31*x2^20*x3^4), (-5, x1^30*x2^21*x3^4)]
  BACK: [(-1, x1^16*x2^16*x3^12*x4^11), (-1, x1^17*x2^14*x3^13*x4^11), (-1, x1^16*x2^15*x3^13*x4^11)]
d=12 | Terms:  791 | RAM: 488 MB | Time: 377.16s | ETA to d=43: ~693.7 min (Decay: 0.936)
  FRONT: [(-1, x1^34*x2^21*x3^5), (2, x1^33*x2^22*x3^5), (-1, x1^31*x2^24*x3^5)]
  BACK: [(-1, x1^18*x2^17*x3^13*x4^12), (1, x1^18*x2^16*x3^14*x4^12), (-1, x1^17*x2^17*x3^14*x4^12)]
d=13 | Terms:  937 | RAM: 603 MB | Time: 677.09s | ETA to d=43: ~1159.0 min (Decay: 0.942)
  FRONT: [(1, x1^36*x2^23*x3^6), (1, x1^35*x2^24*x3^6), (3, x1^34*x2^25*x3^6)]
  BACK: [(1, x1^20*x2^18*x3^14*x4^13), (1, x1^20*x2^17*x3^15*x4^13), (-1, x1^19*x2^18*x3^15*x4^13)]
d=14 | Terms: 1062 | RAM: 668 MB | Time: 1165.16s | ETA to d=43: ~1736.1 min (Decay: 0.946)
  FRONT: [(-1, x1^38*x2^25*x3^7), (-1, x1^37*x2^26*x3^7), (-2, x1^37*x2^25*x3^8)]
  BACK: [(-1, x1^20*x2^20*x3^17*x4^13), (1, x1^22*x2^19*x3^15*x4^14), (1, x1^21*x2^19*x3^16*x4^14)]
d=15 | Terms: 1190 | RAM: 813 MB | Time: 1952.53s | ETA to d=43: ~2598.0 min (Decay: 0.950)
  FRONT: [(1, x1^40*x2^27*x3^8), (-1, x1^39*x2^27*x3^9), (-5, x1^38*x2^28*x3^9)]
  BACK: [(1, x1^23*x2^20*x3^18*x4^14), (-1, x1^22*x2^21*x3^18*x4^14), (1, x1^23*x2^20*x3^17*x4^15)]
d=16 | Terms: 1316 | RAM: 936 MB | Time: 3171.36s | ETA to d=43: ~3754.6 min (Decay: 0.953)
  FRONT: [(3, x1^41*x2^29*x3^10), (1, x1^42*x2^27*x3^11), (1, x1^41*x2^28*x3^11)]
  BACK: [(-1, x1^26*x2^21*x3^18*x4^15), (-1, x1^25*x2^22*x3^18*x4^15), (1, x1^24*x2^22*x3^19*x4^15)]
